[2026-02-18 11:04:23] OK: C:\Users\Administrator\Documents
[2026-02-18 11:04:23] WARN: path not found - C:\Reports
[2026-02-18 11:04:23] --- cycle complete ---
[2026-02-18 11:06:23] OK: C:\Users\Administrator\Documents
[2026-02-18 11:06:23] WARN: path not found - C:\Reports
[2026-02-18 11:06:23] --- cycle complete ---
[2026-02-18 11:08:23] OK: C:\Users\Administrator\Documents
[2026-02-18 11:08:23] WARN: path not found - C:\Reports
[2026-02-18 11:08:23] --- cycle complete ---
[2026-02-18 11:10:23] OK: C:\Users\Administrator\Documents
[2026-02-18 11:10:23] WARN: path not found - C:\Reports
[2026-02-18 11:10:23] --- cycle complete ---
[2026-02-18 11:12:23] OK: C:\Users\Administrator\Documents
[2026-02-18 11:12:23] WARN: path not found - C:\Reports
[2026-02-18 11:12:23] --- cycle complete ---
[2026-02-18 11:14:23] OK: C:\Users\Administrator\Documents
[2026-02-18 11:14:23] WARN: path not found - C:\Reports
[2026-02-18 11:14:23] --- cycle complete ---
[2026-02-18 11:16:23] OK: C:\Users\Administrator\Documents
[2026-02-18 11:16:23] WARN: path not found - C:\Reports
[2026-02-18 11:16:23] --- cycle complete ---
[2026-02-18 11:18:23] OK: C:\Users\Administrator\Documents
[2026-02-18 11:18:23] WARN: path not found - C:\Reports
[2026-02-18 11:18:23] --- cycle complete ---
[2026-02-18 11:20:23] OK: C:\Users\Administrator\Documents
[2026-02-18 11:20:23] WARN: path not found - C:\Reports
[2026-02-18 11:20:23] --- cycle complete ---
[2026-02-18 11:22:23] OK: C:\Users\Administrator\Documents
[2026-02-18 11:22:23] WARN: path not found - C:\Reports
[2026-02-18 11:22:23] --- cycle complete ---
[2026-02-18 11:24:23] OK: C:\Users\Administrator\Documents
[2026-02-18 11:24:23] WARN: path not found - C:\Reports
[2026-02-18 11:24:23] --- cycle complete ---
[2026-02-18 11:26:23] OK: C:\Users\Administrator\Documents
[2026-02-18 11:26:23] WARN: path not found - C:\Reports
[2026-02-18 11:26:23] --- cycle complete ---
[2026-02-18 11:28:23] OK: C:\Users\Administrator\Documents
[2026-02-18 11:28:23] WARN: path not found - C:\Reports
[2026-02-18 11:28:23] --- cycle complete ---
[2026-02-18 11:30:23] OK: C:\Users\Administrator\Documents
[2026-02-18 11:30:23] WARN: path not found - C:\Reports
[2026-02-18 11:30:23] --- cycle complete ---
[2026-02-18 11:32:23] OK: C:\Users\Administrator\Documents
[2026-02-18 11:32:23] WARN: path not found - C:\Reports
[2026-02-18 11:32:23] --- cycle complete ---
[2026-02-18 11:34:23] OK: C:\Users\Administrator\Documents
[2026-02-18 11:34:23] WARN: path not found - C:\Reports
[2026-02-18 11:34:23] --- cycle complete ---
[2026-02-18 11:36:23] OK: C:\Users\Administrator\Documents
[2026-02-18 11:36:23] WARN: path not found - C:\Reports
[2026-02-18 11:36:23] --- cycle complete ---
[2026-02-18 11:38:23] OK: C:\Users\Administrator\Documents
[2026-02-18 11:38:23] WARN: path not found - C:\Reports
[2026-02-18 11:38:23] --- cycle complete ---
[2026-02-18 11:40:23] OK: C:\Users\Administrator\Documents
[2026-02-18 11:40:23] WARN: path not found - C:\Reports
[2026-02-18 11:40:23] --- cycle complete ---
[2026-02-18 11:42:23] OK: C:\Users\Administrator\Documents
[2026-02-18 11:42:23] WARN: path not found - C:\Reports
[2026-02-18 11:42:23] --- cycle complete ---
[2026-02-18 11:44:23] OK: C:\Users\Administrator\Documents
[2026-02-18 11:44:23] WARN: path not found - C:\Reports
[2026-02-18 11:44:23] --- cycle complete ---
[2026-02-18 11:46:23] OK: C:\Users\Administrator\Documents
[2026-02-18 11:46:23] WARN: path not found - C:\Reports
[2026-02-18 11:46:23] --- cycle complete ---
[2026-02-18 11:48:23] OK: C:\Users\Administrator\Documents
[2026-02-18 11:48:23] WARN: path not found - C:\Reports
[2026-02-18 11:48:23] --- cycle complete ---
[2026-02-18 11:50:23] OK: C:\Users\Administrator\Documents
[2026-02-18 11:50:23] WARN: path not found - C:\Reports
[2026-02-18 11:50:23] --- cycle complete ---
[2026-02-18 11:52:23] OK: C:\Users\Administrator\Documents
[2026-02-18 11:52:23] WARN: path not found - C:\Reports
[2026-02-18 11:52:23] --- cycle complete ---
[2026-02-18 11:54:23] OK: C:\Users\Administrator\Documents
[2026-02-18 11:54:23] WARN: path not found - C:\Reports
[2026-02-18 11:54:23] --- cycle complete ---
[2026-02-18 11:56:23] OK: C:\Users\Administrator\Documents
[2026-02-18 11:56:23] WARN: path not found - C:\Reports
[2026-02-18 11:56:23] --- cycle complete ---
[2026-02-18 11:58:23] OK: C:\Users\Administrator\Documents
[2026-02-18 11:58:23] WARN: path not found - C:\Reports
[2026-02-18 11:58:23] --- cycle complete ---
[2026-02-18 12:00:23] OK: C:\Users\Administrator\Documents
[2026-02-18 12:00:23] WARN: path not found - C:\Reports
[2026-02-18 12:00:23] --- cycle complete ---
[2026-02-18 12:02:23] OK: C:\Users\Administrator\Documents
[2026-02-18 12:02:23] WARN: path not found - C:\Reports
[2026-02-18 12:02:23] --- cycle complete ---
[2026-02-18 12:06:02] WARN: path not found - C:\Users\Administrator\Documents
[2026-02-18 12:06:02] OK: C:\Reports
[2026-02-18 12:06:02] --- cycle complete ---
[2026-02-18 12:08:01] WARN: path not found - C:\Users\Administrator\Documents
[2026-02-18 12:08:01] OK: C:\Reports
[2026-02-18 12:08:01] --- cycle complete ---
[2026-02-18 12:10:01] WARN: path not found - C:\Users\Administrator\Documents
[2026-02-18 12:10:01] OK: C:\Reports
[2026-02-18 12:10:01] --- cycle complete ---
[2026-02-18 12:12:03] WARN: path not found - C:\Users\Administrator\Documents
[2026-02-18 12:12:03] OK: C:\Reports
[2026-02-18 12:12:03] --- cycle complete ---
[2026-02-18 12:14:01] WARN: path not found - C:\Users\Administrator\Documents
[2026-02-18 12:14:01] OK: C:\Reports
[2026-02-18 12:14:01] --- cycle complete ---
[2026-02-18 12:16:01] WARN: path not found - C:\Users\Administrator\Documents
[2026-02-18 12:16:01] OK: C:\Reports
[2026-02-18 12:16:01] --- cycle complete ---
[2026-02-18 12:18:01] WARN: path not found - C:\Users\Administrator\Documents
[2026-02-18 12:18:01] OK: C:\Reports
[2026-02-18 12:18:01] --- cycle complete ---
[2026-02-18 12:20:01] WARN: path not found - C:\Users\Administrator\Documents
[2026-02-18 12:20:01] OK: C:\Reports
[2026-02-18 12:20:01] --- cycle complete ---
[2026-02-18 12:22:01] WARN: path not found - C:\Users\Administrator\Documents
[2026-02-18 12:22:01] OK: C:\Reports
[2026-02-18 12:22:01] --- cycle complete ---
[2026-02-18 12:24:01] WARN: path not found - C:\Users\Administrator\Documents
[2026-02-18 12:24:01] OK: C:\Reports
[2026-02-18 12:24:01] --- cycle complete ---
[2026-02-18 12:26:03] WARN: path not found - C:\Users\Administrator\Documents
[2026-02-18 12:26:03] OK: C:\Reports
[2026-02-18 12:26:03] --- cycle complete ---
[2026-02-18 12:28:01] WARN: path not found - C:\Users\Administrator\Documents
[2026-02-18 12:28:01] OK: C:\Reports
[2026-02-18 12:28:01] --- cycle complete ---
[2026-02-18 12:30:01] WARN: path not found - C:\Users\Administrator\Documents
[2026-02-18 12:30:01] OK: C:\Reports
[2026-02-18 12:30:01] --- cycle complete ---
[2026-02-18 12:32:01] WARN: path not found - C:\Users\Administrator\Documents
[2026-02-18 12:32:01] OK: C:\Reports
[2026-02-18 12:32:01] --- cycle complete ---
[2026-02-18 12:34:01] WARN: path not found - C:\Users\Administrator\Documents
[2026-02-18 12:34:01] OK: C:\Reports
[2026-02-18 12:34:01] --- cycle complete ---
[2026-02-18 12:36:01] WARN: path not found - C:\Users\Administrator\Documents
[2026-02-18 12:36:01] OK: C:\Reports
[2026-02-18 12:36:01] --- cycle complete ---
[2026-02-18 12:38:01] WARN: path not found - C:\Users\Administrator\Documents
[2026-02-18 12:38:01] OK: C:\Reports
[2026-02-18 12:38:01] --- cycle complete ---
[2026-02-18 12:40:01] WARN: path not found - C:\Users\Administrator\Documents
[2026-02-18 12:40:01] OK: C:\Reports
[2026-02-18 12:40:01] --- cycle complete ---
[2026-02-18 12:42:01] WARN: path not found - C:\Users\Administrator\Documents
[2026-02-18 12:42:01] OK: C:\Reports
[2026-02-18 12:42:01] --- cycle complete ---
[2026-02-18 12:44:01] WARN: path not found - C:\Users\Administrator\Documents
[2026-02-18 12:44:01] OK: C:\Reports
[2026-02-18 12:44:01] --- cycle complete ---
[2026-02-18 12:46:01] WARN: path not found - C:\Users\Administrator\Documents
[2026-02-18 12:46:01] OK: C:\Reports
[2026-02-18 12:46:01] --- cycle complete ---
[2026-02-18 12:48:01] WARN: path not found - C:\Users\Administrator\Documents
[2026-02-18 12:48:01] OK: C:\Reports
[2026-02-18 12:48:01] --- cycle complete ---
[2026-02-18 12:50:01] WARN: path not found - C:\Users\Administrator\Documents
[2026-02-18 12:50:01] OK: C:\Reports
[2026-02-18 12:50:01] --- cycle complete ---
[2026-02-18 12:52:01] WARN: path not found - C:\Users\Administrator\Documents
[2026-02-18 12:52:01] OK: C:\Reports
[2026-02-18 12:52:01] --- cycle complete ---
[2026-02-18 12:54:01] WARN: path not found - C:\Users\Administrator\Documents
[2026-02-18 12:54:01] OK: C:\Reports
[2026-02-18 12:54:01] --- cycle complete ---
[2026-02-18 12:56:01] WARN: path not found - C:\Users\Administrator\Documents
[2026-02-18 12:56:01] OK: C:\Reports
[2026-02-18 12:56:01] --- cycle complete ---
[2026-02-18 12:58:01] WARN: path not found - C:\Users\Administrator\Documents
[2026-02-18 12:58:01] OK: C:\Reports
[2026-02-18 12:58:01] --- cycle complete ---
[2026-02-18 13:00:01] WARN: path not found - C:\Users\Administrator\Documents
[2026-02-18 13:00:01] OK: C:\Reports
[2026-02-18 13:00:01] --- cycle complete ---
[2026-02-18 13:02:17] WARN: path not found - C:\Users\Administrator\Documents
[2026-02-18 13:02:17] OK: C:\Reports
[2026-02-18 13:02:17] --- cycle complete ---
[2026-02-18 13:04:02] WARN: path not found - C:\Users\Administrator\Documents
[2026-02-18 13:04:02] OK: C:\Reports
[2026-02-18 13:04:02] --- cycle complete ---
[2026-02-18 14:02:04] WARN: path not found - C:\Users\Administrator\Documents
[2026-02-18 14:02:04] OK: C:\Reports
[2026-02-18 14:02:04] --- cycle complete ---
[2026-02-27 14:52:07] WARN: path not found - C:\Users\Administrator\Documents
[2026-02-27 14:52:07] OK: C:\Reports
[2026-02-27 14:52:07] --- cycle complete ---
[2026-02-27 14:54:02] WARN: path not found - C:\Users\Administrator\Documents
[2026-02-27 14:54:02] OK: C:\Reports
[2026-02-27 14:54:02] --- cycle complete ---
[2026-02-27 14:56:02] WARN: path not found - C:\Users\Administrator\Documents
[2026-02-27 14:56:02] OK: C:\Reports
[2026-02-27 14:56:02] --- cycle complete ---
[2026-02-27 14:58:02] WARN: path not found - C:\Users\Administrator\Documents
[2026-02-27 14:58:02] OK: C:\Reports
[2026-02-27 14:58:02] --- cycle complete ---
[2026-06-12 01:22:03] WARN: path not found - C:\Users\Administrator\Documents
[2026-06-12 01:22:03] OK: C:\Reports
[2026-06-12 01:22:03] --- cycle complete ---
[2026-06-12 01:24:01] WARN: path not found - C:\Users\Administrator\Documents
[2026-06-12 01:24:01] OK: C:\Reports
[2026-06-12 01:24:01] --- cycle complete ---
[2026-06-12 01:26:01] WARN: path not found - C:\Users\Administrator\Documents
[2026-06-12 01:26:01] OK: C:\Reports
[2026-06-12 01:26:01] --- cycle complete ---
[2026-06-12 01:28:01] WARN: path not found - C:\Users\Administrator\Documents
[2026-06-12 01:28:01] OK: C:\Reports
[2026-06-12 01:28:01] --- cycle complete ---
[2026-06-12 01:30:01] WARN: path not found - C:\Users\Administrator\Documents
[2026-06-12 01:30:01] OK: C:\Reports
[2026-06-12 01:30:01] --- cycle complete ---
[2026-06-12 01:32:01] WARN: path not found - C:\Users\Administrator\Documents
[2026-06-12 01:32:01] OK: C:\Reports
[2026-06-12 01:32:01] --- cycle complete ---
[2026-06-12 01:34:01] WARN: path not found - C:\Users\Administrator\Documents
[2026-06-12 01:34:01] OK: C:\Reports
[2026-06-12 01:34:01] --- cycle complete ---
[2026-06-12 01:36:01] WARN: path not found - C:\Users\Administrator\Documents
[2026-06-12 01:36:01] OK: C:\Reports
[2026-06-12 01:36:01] --- cycle complete ---
[2026-06-15 18:48:03] WARN: path not found - C:\Users\Administrator\Documents
[2026-06-15 18:48:03] OK: C:\Reports
[2026-06-15 18:48:03] --- cycle complete ---
[2026-07-15 17:12:03] WARN: path not found - C:\Users\Administrator\Documents
[2026-07-15 17:12:03] OK: C:\Reports
[2026-07-15 17:12:03] --- cycle complete ---
[2026-07-15 17:14:02] WARN: path not found - C:\Users\Administrator\Documents
[2026-07-15 17:14:02] OK: C:\Reports
[2026-07-15 17:14:02] --- cycle complete ---
[2026-07-15 17:16:02] WARN: path not found - C:\Users\Administrator\Documents
[2026-07-15 17:16:02] OK: C:\Reports
[2026-07-15 17:16:02] --- cycle complete ---
[2026-07-15 17:18:02] WARN: path not found - C:\Users\Administrator\Documents
[2026-07-15 17:18:02] OK: C:\Reports
[2026-07-15 17:18:02] --- cycle complete ---
[2026-07-15 17:20:02] WARN: path not found - C:\Users\Administrator\Documents
[2026-07-15 17:20:02] OK: C:\Reports
[2026-07-15 17:20:02] --- cycle complete ---
[2026-07-15 17:22:02] WARN: path not found - C:\Users\Administrator\Documents
[2026-07-15 17:22:02] OK: C:\Reports
[2026-07-15 17:22:02] --- cycle complete ---
[2026-07-15 17:24:02] WARN: path not found - C:\Users\Administrator\Documents
[2026-07-15 17:24:02] OK: C:\Reports
[2026-07-15 17:24:02] --- cycle complete ---
[2026-07-15 17:26:02] WARN: path not found - C:\Users\Administrator\Documents
[2026-07-15 17:26:02] OK: C:\Reports
[2026-07-15 17:26:02] --- cycle complete ---
[2026-07-15 17:28:02] WARN: path not found - C:\Users\Administrator\Documents
[2026-07-15 17:28:02] OK: C:\Reports
[2026-07-15 17:28:02] --- cycle complete ---
[2026-07-15 17:30:02] WARN: path not found - C:\Users\Administrator\Documents
[2026-07-15 17:30:02] OK: C:\Reports
[2026-07-15 17:30:02] --- cycle complete ---
[2026-07-15 17:32:02] WARN: path not found - C:\Users\Administrator\Documents
[2026-07-15 17:32:02] OK: C:\Reports
[2026-07-15 17:32:02] --- cycle complete ---
[2026-07-15 17:34:02] WARN: path not found - C:\Users\Administrator\Documents
[2026-07-15 17:34:02] OK: C:\Reports
[2026-07-15 17:34:02] --- cycle complete ---
[2026-07-15 17:36:02] WARN: path not found - C:\Users\Administrator\Documents
[2026-07-15 17:36:02] OK: C:\Reports
[2026-07-15 17:36:02] --- cycle complete ---
[2026-07-15 17:38:02] WARN: path not found - C:\Users\Administrator\Documents
[2026-07-15 17:38:02] OK: C:\Reports
[2026-07-15 17:38:02] --- cycle complete ---
[2026-07-15 17:40:02] WARN: path not found - C:\Users\Administrator\Documents
[2026-07-15 17:40:02] OK: C:\Reports
[2026-07-15 17:40:02] --- cycle complete ---
[2026-07-15 17:42:02] WARN: path not found - C:\Users\Administrator\Documents
[2026-07-15 17:42:02] OK: C:\Reports
[2026-07-15 17:42:02] --- cycle complete ---
[2026-07-15 17:44:02] WARN: path not found - C:\Users\Administrator\Documents
[2026-07-15 17:44:02] OK: C:\Reports
[2026-07-15 17:44:02] --- cycle complete ---
[2026-07-15 17:46:02] WARN: path not found - C:\Users\Administrator\Documents
[2026-07-15 17:46:02] OK: C:\Reports
[2026-07-15 17:46:02] --- cycle complete ---
[2026-07-15 17:48:02] WARN: path not found - C:\Users\Administrator\Documents
[2026-07-15 17:48:02] OK: C:\Reports
[2026-07-15 17:48:02] --- cycle complete ---
[2026-07-15 17:50:02] WARN: path not found - C:\Users\Administrator\Documents
[2026-07-15 17:50:02] OK: C:\Reports
[2026-07-15 17:50:02] --- cycle complete ---
[2026-07-15 17:52:02] WARN: path not found - C:\Users\Administrator\Documents
[2026-07-15 17:52:02] OK: C:\Reports
[2026-07-15 17:52:02] --- cycle complete ---
[2026-07-15 17:54:02] WARN: path not found - C:\Users\Administrator\Documents
[2026-07-15 17:54:02] OK: C:\Reports
[2026-07-15 17:54:02] --- cycle complete ---
[2026-07-15 17:56:02] WARN: path not found - C:\Users\Administrator\Documents
[2026-07-15 17:56:02] OK: C:\Reports
[2026-07-15 17:56:02] --- cycle complete ---
[2026-07-15 17:58:02] WARN: path not found - C:\Users\Administrator\Documents
[2026-07-15 17:58:02] OK: C:\Reports
[2026-07-15 17:58:02] --- cycle complete ---
[2026-07-15 18:00:02] WARN: path not found - C:\Users\Administrator\Documents
[2026-07-15 18:00:02] OK: C:\Reports
[2026-07-15 18:00:02] --- cycle complete ---
[2026-07-15 18:02:02] WARN: path not found - C:\Users\Administrator\Documents
[2026-07-15 18:02:02] OK: C:\Reports
[2026-07-15 18:02:02] --- cycle complete ---
[2026-07-15 18:04:02] WARN: path not found - C:\Users\Administrator\Documents
[2026-07-15 18:04:02] OK: C:\Reports
[2026-07-15 18:04:02] --- cycle complete ---
[2026-07-15 18:06:02] WARN: path not found - C:\Users\Administrator\Documents
[2026-07-15 18:06:02] OK: C:\Reports
[2026-07-15 18:06:02] --- cycle complete ---
[2026-07-15 18:08:02] WARN: path not found - C:\Users\Administrator\Documents
[2026-07-15 18:08:02] OK: C:\Reports
[2026-07-15 18:08:02] --- cycle complete ---
[2026-07-15 18:10:02] WARN: path not found - C:\Users\Administrator\Documents
[2026-07-15 18:10:02] OK: C:\Reports
[2026-07-15 18:10:02] --- cycle complete ---
[2026-07-15 18:12:02] WARN: path not found - C:\Users\Administrator\Documents
[2026-07-15 18:12:02] OK: C:\Reports
[2026-07-15 18:12:02] --- cycle complete ---
[2026-07-15 18:14:02] WARN: path not found - C:\Users\Administrator\Documents
[2026-07-15 18:14:02] OK: C:\Reports
[2026-07-15 18:14:02] --- cycle complete ---
[2026-07-15 18:16:02] WARN: path not found - C:\Users\Administrator\Documents
[2026-07-15 18:16:02] OK: C:\Reports
[2026-07-15 18:16:02] --- cycle complete ---
[2026-07-15 18:18:02] WARN: path not found - C:\Users\Administrator\Documents
[2026-07-15 18:18:02] OK: C:\Reports
[2026-07-15 18:18:02] --- cycle complete ---
[2026-07-15 18:20:02] WARN: path not found - C:\Users\Administrator\Documents
[2026-07-15 18:20:02] OK: C:\Reports
[2026-07-15 18:20:02] --- cycle complete ---
[2026-07-15 18:22:02] WARN: path not found - C:\Users\Administrator\Documents
[2026-07-15 18:22:02] OK: C:\Reports
[2026-07-15 18:22:02] --- cycle complete ---
[2026-07-15 18:24:02] WARN: path not found - C:\Users\Administrator\Documents
[2026-07-15 18:24:02] OK: C:\Reports
[2026-07-15 18:24:02] --- cycle complete ---
[2026-07-15 18:26:02] WARN: path not found - C:\Users\Administrator\Documents
[2026-07-15 18:26:02] OK: C:\Reports
[2026-07-15 18:26:02] --- cycle complete ---
[2026-07-15 18:28:02] WARN: path not found - C:\Users\Administrator\Documents
[2026-07-15 18:28:02] OK: C:\Reports
[2026-07-15 18:28:02] --- cycle complete ---
[2026-07-15 18:30:02] WARN: path not found - C:\Users\Administrator\Documents
[2026-07-15 18:30:02] OK: C:\Reports
[2026-07-15 18:30:02] --- cycle complete ---
[2026-07-15 18:32:02] WARN: path not found - C:\Users\Administrator\Documents
[2026-07-15 18:32:02] OK: C:\Reports
[2026-07-15 18:32:02] --- cycle complete ---
[2026-07-15 18:34:02] WARN: path not found - C:\Users\Administrator\Documents
[2026-07-15 18:34:02] OK: C:\Reports
[2026-07-15 18:34:02] --- cycle complete ---
[2026-07-15 18:36:02] WARN: path not found - C:\Users\Administrator\Documents
[2026-07-15 18:36:02] OK: C:\Reports
[2026-07-15 18:36:02] --- cycle complete ---
[2026-07-15 18:38:02] WARN: path not found - C:\Users\Administrator\Documents
[2026-07-15 18:38:02] OK: C:\Reports
[2026-07-15 18:38:02] --- cycle complete ---
[2026-07-15 18:40:02] WARN: path not found - C:\Users\Administrator\Documents
[2026-07-15 18:40:02] OK: C:\Reports
[2026-07-15 18:40:02] --- cycle complete ---
[2026-07-15 18:42:02] WARN: path not found - C:\Users\Administrator\Documents
[2026-07-15 18:42:02] OK: C:\Reports
[2026-07-15 18:42:02] --- cycle complete ---
[2026-07-15 18:44:02] WARN: path not found - C:\Users\Administrator\Documents
[2026-07-15 18:44:02] OK: C:\Reports
[2026-07-15 18:44:02] --- cycle complete ---
[2026-07-15 18:46:02] WARN: path not found - C:\Users\Administrator\Documents
[2026-07-15 18:46:02] OK: C:\Reports
[2026-07-15 18:46:02] --- cycle complete ---
[2026-07-15 18:48:02] WARN: path not found - C:\Users\Administrator\Documents
[2026-07-15 18:48:02] OK: C:\Reports
[2026-07-15 18:48:02] --- cycle complete ---
[2026-07-15 18:50:02] WARN: path not found - C:\Users\Administrator\Documents
[2026-07-15 18:50:02] OK: C:\Reports
[2026-07-15 18:50:02] --- cycle complete ---
[2026-07-15 18:52:02] WARN: path not found - C:\Users\Administrator\Documents
[2026-07-15 18:52:02] OK: C:\Reports
[2026-07-15 18:52:02] --- cycle complete ---
[2026-07-15 18:54:02] WARN: path not found - C:\Users\Administrator\Documents
[2026-07-15 18:54:02] OK: C:\Reports
[2026-07-15 18:54:02] --- cycle complete ---
[2026-07-15 18:56:02] WARN: path not found - C:\Users\Administrator\Documents
[2026-07-15 18:56:02] OK: C:\Reports
[2026-07-15 18:56:02] --- cycle complete ---
[2026-07-15 18:58:01] WARN: path not found - C:\Users\Administrator\Documents
[2026-07-15 18:58:01] OK: C:\Reports
[2026-07-15 18:58:01] --- cycle complete ---
[2026-07-15 19:00:01] WARN: path not found - C:\Users\Administrator\Documents
[2026-07-15 19:00:01] OK: C:\Reports
[2026-07-15 19:00:01] OK: C:\Backups\
[2026-07-15 19:00:01] --- cycle complete ---
