# Nmap 7.98 scan initiated Thu Jul 16 09:28:53 2026 as: /usr/lib/nmap/nmap --privileged -sCV -p- -Pn -A --min-rate 5000 -oN nmap.log 192.168.142.112
Nmap scan report for 192.168.142.112
Host is up (0.19s latency).
Not shown: 65530 closed tcp ports (reset)
PORT    STATE SERVICE     VERSION
21/tcp  open  ftp         vsftpd 2.0.8 or later
| ftp-anon: Anonymous FTP login allowed (FTP code 230)
| -rw-r--r--    1 0        0         3557581 Nov 25  2021 2d5ef5a0f0c9579458c9
| -rw-r--r--    1 0        0         1258508 Nov 25  2021 4835e976619690ae006e
| -rw-r--r--    1 0        0         1617905 Nov 25  2021 4e8cce46d6abec9a9d9a
| -rw-r--r--    1 0        0          438095 Nov 25  2021 77cfe070405f6ca327a5
|_-rw-r--r--    1 0        0          841392 Nov 25  2021 c5237630ef40e2585d35
| ftp-syst: 
|   STAT: 
| FTP server status:
|      Connected to ::ffff:192.168.49.142
|      Logged in as ftp
|      TYPE: ASCII
|      No session bandwidth limit
|      Session timeout in seconds is 300
|      Control connection is plain text
|      Data connections will be plain text
|      At session startup, client count was 2
|      vsFTPd 3.0.3 - secure, fast, stable
|_End of status
22/tcp  open  ssh         OpenSSH 8.2p1 Ubuntu 4ubuntu0.3 (Ubuntu Linux; protocol 2.0)
| ssh-hostkey: 
|   3072 0e:84:80:bd:8f:b6:51:7d:c1:87:db:8c:f4:f3:15:9e (RSA)
|   256 8c:98:44:30:1c:37:53:84:32:22:eb:e1:9c:06:68:06 (ECDSA)
|_  256 1b:db:c7:c9:36:54:b8:cf:ff:1a:2f:9a:91:b1:56:e4 (ED25519)
80/tcp  open  http        Apache httpd 2.4.41 ((Ubuntu))
| http-robots.txt: 1 disallowed entry 
|_/wp-admin/
|_http-server-header: Apache/2.4.41 (Ubuntu)
|_http-trane-info: Problem with XML parsing of /evox/about
|_http-title: The Stationery Warehouse &#8211; Just another WordPress site
|_http-generator: WordPress 6.9.4
139/tcp open  netbios-ssn Samba smbd 4
445/tcp open  netbios-ssn Samba smbd 4
Device type: general purpose
Running: Linux 4.X
OS CPE: cpe:/o:linux:linux_kernel:4
OS details: Linux 4.19 - 5.15
Network Distance: 2 hops
Service Info: Host: the; OS: Linux; CPE: cpe:/o:linux:linux_kernel

Host script results:
|_clock-skew: -1s
| smb2-security-mode: 
|   3.1.1: 
|_    Message signing enabled but not required
| smb2-time: 
|   date: 2026-07-16T00:29:23
|_  start_date: N/A
|_nbstat: NetBIOS name: OSCP, NetBIOS user: <unknown>, NetBIOS MAC: <unknown> (unknown)

TRACEROUTE (using port 1723/tcp)
HOP RTT       ADDRESS
1   186.91 ms 192.168.49.1
2   187.24 ms 192.168.142.112

OS and Service detection performed. Please report any incorrect results at https://nmap.org/submit/ .
# Nmap done at Thu Jul 16 09:29:34 2026 -- 1 IP address (1 host up) scanned in 40.61 seconds
