# Nmap 7.98 scan initiated Thu Jul 16 09:24:52 2026 as: /usr/lib/nmap/nmap --privileged -sCV -p- -Pn -A --min-rate 5000 -oN nmap.log 192.168.142.111
Nmap scan report for 192.168.142.111
Host is up (0.19s latency).
Not shown: 65522 closed tcp ports (reset)
PORT      STATE SERVICE       VERSION
22/tcp    open  ssh           OpenSSH for_Windows_8.1 (protocol 2.0)
| ssh-hostkey: 
|   3072 1e:0a:3f:fb:07:e8:77:15:5f:f3:b6:b8:d7:8c:f4:b4 (RSA)
|   256 a5:09:45:4a:19:88:76:4f:5b:24:6b:ad:bf:26:d9:fb (ECDSA)
|_  256 e8:74:ed:80:82:7a:a0:eb:6e:60:35:ac:31:d3:94:1f (ED25519)
135/tcp   open  msrpc         Microsoft Windows RPC
139/tcp   open  netbios-ssn   Microsoft Windows netbios-ssn
445/tcp   open  microsoft-ds?
5040/tcp  open  unknown
5985/tcp  open  http          Microsoft HTTPAPI httpd 2.0 (SSDP/UPnP)
|_http-server-header: Microsoft-HTTPAPI/2.0
|_http-title: Not Found
47001/tcp open  http          Microsoft HTTPAPI httpd 2.0 (SSDP/UPnP)
|_http-server-header: Microsoft-HTTPAPI/2.0
|_http-title: Not Found
49664/tcp open  msrpc         Microsoft Windows RPC
49665/tcp open  msrpc         Microsoft Windows RPC
49666/tcp open  msrpc         Microsoft Windows RPC
49667/tcp open  msrpc         Microsoft Windows RPC
49668/tcp open  msrpc         Microsoft Windows RPC
49669/tcp open  msrpc         Microsoft Windows RPC
No exact OS matches for host (If you know what OS is running on it, see https://nmap.org/submit/ ).
TCP/IP fingerprint:
OS:SCAN(V=7.98%E=4%D=7/16%OT=22%CT=1%CU=30779%PV=Y%DS=2%DC=T%G=Y%TM=6A5825A
OS:5%P=x86_64-pc-linux-gnu)SEQ(SP=106%GCD=1%ISR=10C%TI=I%II=I%SS=S%TS=A)SEQ
OS:(SP=F9%GCD=1%ISR=10F%TI=I%II=I%SS=S%TS=A)SEQ(SP=FD%GCD=1%ISR=107%TI=I%II
OS:=I%SS=S%TS=A)SEQ(SP=FE%GCD=1%ISR=10D%TI=I%II=I%SS=S%TS=A)SEQ(SP=FF%GCD=1
OS:%ISR=10D%TI=I%II=I%SS=S%TS=A)OPS(O1=M551NW8ST11%O2=M551NW8ST11%O3=M551NW
OS:8NNT11%O4=M551NW8ST11%O5=M551NW8ST11%O6=M551ST11)WIN(W1=FFFF%W2=FFFF%W3=
OS:FFFF%W4=FFFF%W5=FFFF%W6=FFDC)ECN(R=Y%DF=Y%T=80%W=FFFF%O=M551NW8NNS%CC=N%
OS:Q=)T1(R=Y%DF=Y%T=80%S=O%A=S+%F=AS%RD=0%Q=)T2(R=N)T3(R=N)T4(R=N)T5(R=Y%DF
OS:=Y%T=80%W=0%S=Z%A=S+%F=AR%O=%RD=0%Q=)T6(R=N)T7(R=N)U1(R=Y%DF=N%T=80%IPL=
OS:164%UN=0%RIPL=G%RID=G%RIPCK=G%RUCK=G%RUD=G)IE(R=Y%DFI=N%T=80%CD=Z)

Network Distance: 2 hops
Service Info: OS: Windows; CPE: cpe:/o:microsoft:windows

Host script results:
| smb2-security-mode: 
|   3.1.1: 
|_    Message signing enabled but not required
| smb2-time: 
|   date: 2026-07-16T00:28:09
|_  start_date: N/A

TRACEROUTE (using port 21/tcp)
HOP RTT       ADDRESS
1   187.04 ms 192.168.49.1
2   187.15 ms 192.168.142.111

OS and Service detection performed. Please report any incorrect results at https://nmap.org/submit/ .
# Nmap done at Thu Jul 16 09:28:21 2026 -- 1 IP address (1 host up) scanned in 208.85 seconds
